5 : 0m0.176s
10 : 0m0.194s
20 : 0m0.250s
40 : 0m0.299s
80 : 0m0.453s
160 : 0m0.747s
320 : 0m1.337s
640 : 0m2.455s
1280 : 0m4.746s
2560 : 0m9.450s
